[24-Jun-2025 03:59:54 Europe/Berlin] PHP Deprecated:  Constant FILTER_SANITIZE_STRING is deprecated in C:\xampp\htdocs\happytooth\member\view_appt.php on line 99
[24-Jun-2025 03:59:54 Europe/Berlin] PHP Deprecated:  Constant FILTER_SANITIZE_STRING is deprecated in C:\xampp\htdocs\happytooth\member\view_appt.php on line 100
[24-Jun-2025 03:59:54 Europe/Berlin] PHP Deprecated:  Constant FILTER_SANITIZE_STRING is deprecated in C:\xampp\htdocs\happytooth\member\view_appt.php on line 101
[24-Jun-2025 03:59:54 Europe/Berlin] PHP Deprecated:  Constant FILTER_SANITIZE_STRING is deprecated in C:\xampp\htdocs\happytooth\member\view_appt.php on line 103
[24-Jun-2025 03:59:54 Europe/Berlin] PHP Deprecated:  Constant FILTER_SANITIZE_STRING is deprecated in C:\xampp\htdocs\happytooth\member\view_appt.php on line 104
[24-Jun-2025 03:59:54 Europe/Berlin] PHP Deprecated:  Constant FILTER_SANITIZE_STRING is deprecated in C:\xampp\htdocs\happytooth\member\view_appt.php on line 105
[24-Jun-2025 03:59:54 Europe/Berlin] Invalid payment submission data: {"treatmentId":"","staffIc":"","treatmentCost":"","appointmentDate":"","appointmentTime":"","patientType":"","dentalExp":"","paymentMethod":"online_banking","bank":"Maybank2u","cardNumber":"","expiryMonth":"","expiryYear":"","cvv":""}
[24-Jun-2025 04:07:35 Europe/Berlin] PHP Deprecated:  Constant FILTER_SANITIZE_STRING is deprecated in C:\xampp\htdocs\happytooth\member\view_appt.php on line 98
[24-Jun-2025 04:07:35 Europe/Berlin] PHP Deprecated:  Constant FILTER_SANITIZE_STRING is deprecated in C:\xampp\htdocs\happytooth\member\view_appt.php on line 99
[24-Jun-2025 04:07:35 Europe/Berlin] PHP Deprecated:  Constant FILTER_SANITIZE_STRING is deprecated in C:\xampp\htdocs\happytooth\member\view_appt.php on line 100
[24-Jun-2025 04:07:35 Europe/Berlin] PHP Deprecated:  Constant FILTER_SANITIZE_STRING is deprecated in C:\xampp\htdocs\happytooth\member\view_appt.php on line 102
[24-Jun-2025 04:07:35 Europe/Berlin] PHP Deprecated:  Constant FILTER_SANITIZE_STRING is deprecated in C:\xampp\htdocs\happytooth\member\view_appt.php on line 103
[24-Jun-2025 04:07:35 Europe/Berlin] PHP Deprecated:  Constant FILTER_SANITIZE_STRING is deprecated in C:\xampp\htdocs\happytooth\member\view_appt.php on line 104
[24-Jun-2025 04:07:35 Europe/Berlin] PHP Fatal error:  Uncaught mysqli_sql_exception: Unknown column 'Amount' in 'field list' in C:\xampp\htdocs\happytooth\member\view_appt.php:161
Stack trace:
#0 C:\xampp\htdocs\happytooth\member\view_appt.php(161): mysqli->prepare('INSERT INTO Pay...')
#1 {main}
  thrown in C:\xampp\htdocs\happytooth\member\view_appt.php on line 161
[24-Jun-2025 07:25:16 Europe/Berlin] PHP Deprecated:  Constant FILTER_SANITIZE_STRING is deprecated in C:\xampp\htdocs\happytooth\member\view_appt.php on line 103
[24-Jun-2025 07:25:16 Europe/Berlin] PHP Deprecated:  Constant FILTER_SANITIZE_STRING is deprecated in C:\xampp\htdocs\happytooth\member\view_appt.php on line 104
[24-Jun-2025 07:25:16 Europe/Berlin] PHP Deprecated:  Constant FILTER_SANITIZE_STRING is deprecated in C:\xampp\htdocs\happytooth\member\view_appt.php on line 105
[24-Jun-2025 07:25:16 Europe/Berlin] PHP Deprecated:  Constant FILTER_SANITIZE_STRING is deprecated in C:\xampp\htdocs\happytooth\member\view_appt.php on line 107
[24-Jun-2025 07:25:16 Europe/Berlin] PHP Deprecated:  Constant FILTER_SANITIZE_STRING is deprecated in C:\xampp\htdocs\happytooth\member\view_appt.php on line 108
[24-Jun-2025 07:25:16 Europe/Berlin] PHP Deprecated:  Constant FILTER_SANITIZE_STRING is deprecated in C:\xampp\htdocs\happytooth\member\view_appt.php on line 109
[24-Jun-2025 07:25:16 Europe/Berlin] Payment POST data: {"treatmentId":"2","staffIc":"850105-05-1005","treatmentCost":"108","appointmentDate":"2025-06-24","appointmentTime":"16:24","patientType":"regular","dentalExp":"no","paymentMethod":"online_banking","bank":"RHB Now","cardNumber":"","expiryMonth":"","expiryYear":"","cvv":""}
[24-Jun-2025 07:25:16 Europe/Berlin] PHP Deprecated:  Constant FILTER_SANITIZE_STRING is deprecated in C:\xampp\htdocs\happytooth\member\view_appt.php on line 239
[24-Jun-2025 07:48:11 Europe/Berlin] PHP Deprecated:  Constant FILTER_SANITIZE_STRING is deprecated in C:\xampp\htdocs\happytooth\member\view_appt.php on line 103
[24-Jun-2025 07:48:11 Europe/Berlin] PHP Deprecated:  Constant FILTER_SANITIZE_STRING is deprecated in C:\xampp\htdocs\happytooth\member\view_appt.php on line 104
[24-Jun-2025 07:48:11 Europe/Berlin] PHP Deprecated:  Constant FILTER_SANITIZE_STRING is deprecated in C:\xampp\htdocs\happytooth\member\view_appt.php on line 105
[24-Jun-2025 07:48:11 Europe/Berlin] PHP Deprecated:  Constant FILTER_SANITIZE_STRING is deprecated in C:\xampp\htdocs\happytooth\member\view_appt.php on line 107
[24-Jun-2025 07:48:11 Europe/Berlin] PHP Deprecated:  Constant FILTER_SANITIZE_STRING is deprecated in C:\xampp\htdocs\happytooth\member\view_appt.php on line 108
[24-Jun-2025 07:48:11 Europe/Berlin] PHP Deprecated:  Constant FILTER_SANITIZE_STRING is deprecated in C:\xampp\htdocs\happytooth\member\view_appt.php on line 109
[24-Jun-2025 07:48:11 Europe/Berlin] Payment POST data: {"treatmentId":"2","staffIc":"850105-05-1005","treatmentCost":"108","appointmentDate":"2025-06-24","appointmentTime":"16:24","patientType":"regular","dentalExp":"no","paymentMethod":"online_banking","bank":"RHB Now","cardNumber":"","expiryMonth":"","expiryYear":"","cvv":""}
[24-Jun-2025 07:48:11 Europe/Berlin] PHP Deprecated:  Constant FILTER_SANITIZE_STRING is deprecated in C:\xampp\htdocs\happytooth\member\view_appt.php on line 239
[24-Jun-2025 07:52:31 Europe/Berlin] PHP Deprecated:  Constant FILTER_SANITIZE_STRING is deprecated in C:\xampp\htdocs\happytooth\member\view_appt.php on line 103
[24-Jun-2025 07:52:31 Europe/Berlin] PHP Deprecated:  Constant FILTER_SANITIZE_STRING is deprecated in C:\xampp\htdocs\happytooth\member\view_appt.php on line 104
[24-Jun-2025 07:52:31 Europe/Berlin] PHP Deprecated:  Constant FILTER_SANITIZE_STRING is deprecated in C:\xampp\htdocs\happytooth\member\view_appt.php on line 105
[24-Jun-2025 07:52:31 Europe/Berlin] PHP Deprecated:  Constant FILTER_SANITIZE_STRING is deprecated in C:\xampp\htdocs\happytooth\member\view_appt.php on line 107
[24-Jun-2025 07:52:31 Europe/Berlin] PHP Deprecated:  Constant FILTER_SANITIZE_STRING is deprecated in C:\xampp\htdocs\happytooth\member\view_appt.php on line 108
[24-Jun-2025 07:52:31 Europe/Berlin] PHP Deprecated:  Constant FILTER_SANITIZE_STRING is deprecated in C:\xampp\htdocs\happytooth\member\view_appt.php on line 109
[24-Jun-2025 07:52:31 Europe/Berlin] Payment POST data: {"treatmentId":"10","staffIc":"850104-04-1004","treatmentCost":"45","appointmentDate":"2025-06-26","appointmentTime":"06:53","patientType":"regular","dentalExp":"yes","paymentMethod":"online_banking","bank":"Maybank2u","cardNumber":"","expiryMonth":"","expiryYear":"","cvv":""}
[24-Jun-2025 07:52:31 Europe/Berlin] PHP Deprecated:  Constant FILTER_SANITIZE_STRING is deprecated in C:\xampp\htdocs\happytooth\member\view_appt.php on line 239
[24-Jun-2025 07:59:26 Europe/Berlin] PHP Deprecated:  Constant FILTER_SANITIZE_STRING is deprecated in C:\xampp\htdocs\happytooth\member\view_appt.php on line 103
[24-Jun-2025 07:59:26 Europe/Berlin] PHP Deprecated:  Constant FILTER_SANITIZE_STRING is deprecated in C:\xampp\htdocs\happytooth\member\view_appt.php on line 104
[24-Jun-2025 07:59:26 Europe/Berlin] PHP Deprecated:  Constant FILTER_SANITIZE_STRING is deprecated in C:\xampp\htdocs\happytooth\member\view_appt.php on line 105
[24-Jun-2025 07:59:26 Europe/Berlin] PHP Deprecated:  Constant FILTER_SANITIZE_STRING is deprecated in C:\xampp\htdocs\happytooth\member\view_appt.php on line 107
[24-Jun-2025 07:59:26 Europe/Berlin] PHP Deprecated:  Constant FILTER_SANITIZE_STRING is deprecated in C:\xampp\htdocs\happytooth\member\view_appt.php on line 108
[24-Jun-2025 07:59:26 Europe/Berlin] PHP Deprecated:  Constant FILTER_SANITIZE_STRING is deprecated in C:\xampp\htdocs\happytooth\member\view_appt.php on line 109
[24-Jun-2025 07:59:26 Europe/Berlin] Payment POST data: {"treatmentId":"4","staffIc":"850102-02-1002","treatmentCost":"1080","appointmentDate":"2025-06-24","appointmentTime":"17:00","patientType":"regular","dentalExp":"no","paymentMethod":"online_banking","bank":"Bank Islam","cardNumber":"","expiryMonth":"","expiryYear":"","cvv":""}
[24-Jun-2025 07:59:26 Europe/Berlin] PHP Deprecated:  Constant FILTER_SANITIZE_STRING is deprecated in C:\xampp\htdocs\happytooth\member\view_appt.php on line 239
[24-Jun-2025 09:38:31 Europe/Berlin] PHP Deprecated:  Constant FILTER_SANITIZE_STRING is deprecated in C:\xampp\htdocs\happytooth\member\view_appt.php on line 103
[24-Jun-2025 09:38:31 Europe/Berlin] PHP Deprecated:  Constant FILTER_SANITIZE_STRING is deprecated in C:\xampp\htdocs\happytooth\member\view_appt.php on line 104
[24-Jun-2025 09:38:31 Europe/Berlin] PHP Deprecated:  Constant FILTER_SANITIZE_STRING is deprecated in C:\xampp\htdocs\happytooth\member\view_appt.php on line 105
[24-Jun-2025 09:38:31 Europe/Berlin] PHP Deprecated:  Constant FILTER_SANITIZE_STRING is deprecated in C:\xampp\htdocs\happytooth\member\view_appt.php on line 107
[24-Jun-2025 09:38:31 Europe/Berlin] PHP Deprecated:  Constant FILTER_SANITIZE_STRING is deprecated in C:\xampp\htdocs\happytooth\member\view_appt.php on line 108
[24-Jun-2025 09:38:31 Europe/Berlin] PHP Deprecated:  Constant FILTER_SANITIZE_STRING is deprecated in C:\xampp\htdocs\happytooth\member\view_appt.php on line 109
[24-Jun-2025 09:38:31 Europe/Berlin] Payment POST data: {"treatmentId":"7","staffIc":"850105-05-1005","treatmentCost":"720","appointmentDate":"2025-07-02","appointmentTime":"13:40","patientType":"new","dentalExp":"yes","paymentMethod":"credit_card","bank":"","cardType":"Visa","cardNumber":"1234 5667 8912 3345","expiryMonth":"03","expiryYear":"12","cvv":"346"}
[24-Jun-2025 09:38:31 Europe/Berlin] PHP Deprecated:  Constant FILTER_SANITIZE_STRING is deprecated in C:\xampp\htdocs\happytooth\member\view_appt.php on line 242
[24-Jun-2025 09:38:31 Europe/Berlin] PHP Deprecated:  Constant FILTER_SANITIZE_STRING is deprecated in C:\xampp\htdocs\happytooth\member\view_appt.php on line 243
[24-Jun-2025 10:29:55 Europe/Berlin] PHP Deprecated:  Constant FILTER_SANITIZE_STRING is deprecated in C:\xampp\htdocs\happytooth\member\view_appt.php on line 103
[24-Jun-2025 10:29:55 Europe/Berlin] PHP Deprecated:  Constant FILTER_SANITIZE_STRING is deprecated in C:\xampp\htdocs\happytooth\member\view_appt.php on line 104
[24-Jun-2025 10:29:55 Europe/Berlin] PHP Deprecated:  Constant FILTER_SANITIZE_STRING is deprecated in C:\xampp\htdocs\happytooth\member\view_appt.php on line 105
[24-Jun-2025 10:29:55 Europe/Berlin] PHP Deprecated:  Constant FILTER_SANITIZE_STRING is deprecated in C:\xampp\htdocs\happytooth\member\view_appt.php on line 107
[24-Jun-2025 10:29:55 Europe/Berlin] PHP Deprecated:  Constant FILTER_SANITIZE_STRING is deprecated in C:\xampp\htdocs\happytooth\member\view_appt.php on line 108
[24-Jun-2025 10:29:55 Europe/Berlin] PHP Deprecated:  Constant FILTER_SANITIZE_STRING is deprecated in C:\xampp\htdocs\happytooth\member\view_appt.php on line 109
[24-Jun-2025 10:29:55 Europe/Berlin] Payment POST data: {"treatmentId":"6","staffIc":"850102-02-1002","treatmentCost":"225","appointmentDate":"2025-06-24","appointmentTime":"19:29","patientType":"regular","dentalExp":"yes","paymentMethod":"online_banking","bank":"CIMB Clicks","cardNumber":"","expiryMonth":"","expiryYear":"","cvv":""}
[24-Jun-2025 10:29:55 Europe/Berlin] PHP Deprecated:  Constant FILTER_SANITIZE_STRING is deprecated in C:\xampp\htdocs\happytooth\member\view_appt.php on line 239
[27-Jun-2025 16:39:29 Europe/Berlin] PHP Deprecated:  Constant FILTER_SANITIZE_STRING is deprecated in C:\xampp\htdocs\happytooth\member\view_appt.php on line 103
[27-Jun-2025 16:39:29 Europe/Berlin] PHP Deprecated:  Constant FILTER_SANITIZE_STRING is deprecated in C:\xampp\htdocs\happytooth\member\view_appt.php on line 104
[27-Jun-2025 16:39:29 Europe/Berlin] PHP Deprecated:  Constant FILTER_SANITIZE_STRING is deprecated in C:\xampp\htdocs\happytooth\member\view_appt.php on line 105
[27-Jun-2025 16:39:29 Europe/Berlin] PHP Deprecated:  Constant FILTER_SANITIZE_STRING is deprecated in C:\xampp\htdocs\happytooth\member\view_appt.php on line 107
[27-Jun-2025 16:39:29 Europe/Berlin] PHP Deprecated:  Constant FILTER_SANITIZE_STRING is deprecated in C:\xampp\htdocs\happytooth\member\view_appt.php on line 108
[27-Jun-2025 16:39:29 Europe/Berlin] PHP Deprecated:  Constant FILTER_SANITIZE_STRING is deprecated in C:\xampp\htdocs\happytooth\member\view_appt.php on line 109
[27-Jun-2025 16:39:29 Europe/Berlin] Payment POST data: {"treatmentId":"8","staffIc":"000000-00-0000","treatmentCost":"76.5","appointmentDate":"2025-06-27","appointmentTime":"14:40","patientType":"regular","dentalExp":"yes","paymentMethod":"online_banking","bank":"Bank Islam","cardNumber":"","expiryMonth":"","expiryYear":"","cvv":""}
[27-Jun-2025 16:39:29 Europe/Berlin] PHP Deprecated:  Constant FILTER_SANITIZE_STRING is deprecated in C:\xampp\htdocs\happytooth\member\view_appt.php on line 239
[01-Jul-2025 23:07:27 Europe/Berlin] PHP Deprecated:  Constant FILTER_SANITIZE_STRING is deprecated in C:\xampp\htdocs\happytooth\member\view_appt.php on line 103
[01-Jul-2025 23:07:27 Europe/Berlin] PHP Deprecated:  Constant FILTER_SANITIZE_STRING is deprecated in C:\xampp\htdocs\happytooth\member\view_appt.php on line 104
[01-Jul-2025 23:07:27 Europe/Berlin] PHP Deprecated:  Constant FILTER_SANITIZE_STRING is deprecated in C:\xampp\htdocs\happytooth\member\view_appt.php on line 105
[01-Jul-2025 23:07:27 Europe/Berlin] PHP Deprecated:  Constant FILTER_SANITIZE_STRING is deprecated in C:\xampp\htdocs\happytooth\member\view_appt.php on line 107
[01-Jul-2025 23:07:27 Europe/Berlin] PHP Deprecated:  Constant FILTER_SANITIZE_STRING is deprecated in C:\xampp\htdocs\happytooth\member\view_appt.php on line 108
[01-Jul-2025 23:07:27 Europe/Berlin] PHP Deprecated:  Constant FILTER_SANITIZE_STRING is deprecated in C:\xampp\htdocs\happytooth\member\view_appt.php on line 109
[01-Jul-2025 23:07:27 Europe/Berlin] Payment POST data: {"treatmentId":"7","staffIc":"850103-03-1003","treatmentCost":"720","appointmentDate":"2025-07-02","appointmentTime":"19:10","patientType":"regular","dentalExp":"yes","paymentMethod":"online_banking","bank":"Bank Islam","cardNumber":"","expiryMonth":"","expiryYear":"","cvv":""}
[01-Jul-2025 23:07:27 Europe/Berlin] PHP Deprecated:  Constant FILTER_SANITIZE_STRING is deprecated in C:\xampp\htdocs\happytooth\member\view_appt.php on line 239
[01-Jul-2025 23:11:52 Europe/Berlin] Fetched 0 appointments for Member_IC: 030304-14-0457
[01-Jul-2025 23:11:52 Europe/Berlin] No appointments found for Member_IC: 030304-14-0457
[01-Jul-2025 23:11:59 Europe/Berlin] Fetched 0 appointments for Member_IC: 030304-14-0457
[01-Jul-2025 23:11:59 Europe/Berlin] No appointments found for Member_IC: 030304-14-0457
[01-Jul-2025 23:12:53 Europe/Berlin] Fetched 0 appointments for Member_IC: 030304-14-0457
[01-Jul-2025 23:12:53 Europe/Berlin] No appointments found for Member_IC: 030304-14-0457
[01-Jul-2025 23:13:11 Europe/Berlin] Fetched 0 appointments for Member_IC: 030304-14-0457
[01-Jul-2025 23:13:11 Europe/Berlin] No appointments found for Member_IC: 030304-14-0457
[01-Jul-2025 23:27:31 Europe/Berlin] Current Member_IC: 030304-14-0457
[01-Jul-2025 23:27:31 Europe/Berlin] Fetched 7 appointments for Member_IC: 030304-14-0457
[01-Jul-2025 23:27:48 Europe/Berlin] Current Member_IC: 030304-14-0457
[01-Jul-2025 23:27:48 Europe/Berlin] Fetched 7 appointments for Member_IC: 030304-14-0457
[01-Jul-2025 23:29:00 Europe/Berlin] Current Member_IC: 030303-03-0303
[01-Jul-2025 23:29:00 Europe/Berlin] Fetched 1 appointments for Member_IC: 030303-03-0303
[01-Jul-2025 23:29:36 Europe/Berlin] PHP Deprecated:  Constant FILTER_SANITIZE_STRING is deprecated in C:\xampp\htdocs\happytooth\member\view_appt.php on line 103
[01-Jul-2025 23:29:36 Europe/Berlin] PHP Deprecated:  Constant FILTER_SANITIZE_STRING is deprecated in C:\xampp\htdocs\happytooth\member\view_appt.php on line 104
[01-Jul-2025 23:29:36 Europe/Berlin] PHP Deprecated:  Constant FILTER_SANITIZE_STRING is deprecated in C:\xampp\htdocs\happytooth\member\view_appt.php on line 105
[01-Jul-2025 23:29:36 Europe/Berlin] PHP Deprecated:  Constant FILTER_SANITIZE_STRING is deprecated in C:\xampp\htdocs\happytooth\member\view_appt.php on line 107
[01-Jul-2025 23:29:36 Europe/Berlin] PHP Deprecated:  Constant FILTER_SANITIZE_STRING is deprecated in C:\xampp\htdocs\happytooth\member\view_appt.php on line 108
[01-Jul-2025 23:29:36 Europe/Berlin] PHP Deprecated:  Constant FILTER_SANITIZE_STRING is deprecated in C:\xampp\htdocs\happytooth\member\view_appt.php on line 109
[01-Jul-2025 23:29:36 Europe/Berlin] Payment POST data: {"treatmentId":"10","staffIc":"850105-05-1005","treatmentCost":"42.5","appointmentDate":"2025-07-02","appointmentTime":"10:30","patientType":"regular","dentalExp":"yes","paymentMethod":"online_banking","bank":"Maybank2u","cardNumber":"","expiryMonth":"","expiryYear":"","cvv":""}
[01-Jul-2025 23:29:36 Europe/Berlin] PHP Deprecated:  Constant FILTER_SANITIZE_STRING is deprecated in C:\xampp\htdocs\happytooth\member\view_appt.php on line 239
[01-Jul-2025 23:29:42 Europe/Berlin] Current Member_IC: 030303-03-0303
[01-Jul-2025 23:29:42 Europe/Berlin] Fetched 2 appointments for Member_IC: 030303-03-0303
[02-Jul-2025 02:22:40 Europe/Berlin] Current Member_IC: 030304-14-0457
[02-Jul-2025 02:22:40 Europe/Berlin] Fetched 7 appointments for Member_IC: 030304-14-0457
[02-Jul-2025 02:28:59 Europe/Berlin] Current Member_IC: 111111-11-1111
[02-Jul-2025 02:28:59 Europe/Berlin] Fetched 0 appointments for Member_IC: 111111-11-1111
[02-Jul-2025 02:28:59 Europe/Berlin] No appointments found for Member_IC: 111111-11-1111. Possible columns: 0, 1, 2, 3, 4, 5
